Archive:  afterfall-source.zip
    testing: Afterfall/               OK
    testing: Afterfall/gradle.properties   OK
    testing: Afterfall/build.gradle   OK
    testing: Afterfall/src/           OK
    testing: Afterfall/src/main/      OK
    testing: Afterfall/src/main/templates/   OK
    testing: Afterfall/src/main/templates/META-INF/   OK
    testing: Afterfall/src/main/templates/META-INF/neoforge.mods.toml   OK
    testing: Afterfall/src/main/java/   OK
    testing: Afterfall/src/main/java/dev/   OK
    testing: Afterfall/src/main/java/dev/afterfall/   OK
    testing: Afterfall/src/main/java/dev/afterfall/item/   OK
    testing: Afterfall/src/main/java/dev/afterfall/item/DeconKitItem.java   OK
    testing: Afterfall/src/main/java/dev/afterfall/item/RadAwayItem.java   OK
    testing: Afterfall/src/main/java/dev/afterfall/item/GeigerCounterItem.java   OK
    testing: Afterfall/src/main/java/dev/afterfall/content/   OK
    testing: Afterfall/src/main/java/dev/afterfall/content/ModCreativeTabs.java   OK
    testing: Afterfall/src/main/java/dev/afterfall/content/ModItems.java   OK
    testing: Afterfall/src/main/java/dev/afterfall/content/ModBlocks.java   OK
    testing: Afterfall/src/main/java/dev/afterfall/content/ModAttachments.java   OK
    testing: Afterfall/src/main/java/dev/afterfall/event/   OK
    testing: Afterfall/src/main/java/dev/afterfall/event/CommonEvents.java   OK
    testing: Afterfall/src/main/java/dev/afterfall/radiation/   OK
    testing: Afterfall/src/main/java/dev/afterfall/radiation/RadiationReading.java   OK
    testing: Afterfall/src/main/java/dev/afterfall/radiation/RadiationManager.java   OK
    testing: Afterfall/src/main/java/dev/afterfall/Afterfall.java   OK
    testing: Afterfall/src/main/resources/   OK
    testing: Afterfall/src/main/resources/data/   OK
    testing: Afterfall/src/main/resources/data/minecraft/   OK
    testing: Afterfall/src/main/resources/data/minecraft/tags/   OK
    testing: Afterfall/src/main/resources/data/minecraft/tags/worldgen/   OK
    testing: Afterfall/src/main/resources/data/minecraft/tags/worldgen/world_preset/   OK
    testing: Afterfall/src/main/resources/data/minecraft/tags/worldgen/world_preset/normal.json   OK
    testing: Afterfall/src/main/resources/data/afterfall/   OK
    testing: Afterfall/src/main/resources/data/afterfall/worldgen/   OK
    testing: Afterfall/src/main/resources/data/afterfall/worldgen/biome/   OK
    testing: Afterfall/src/main/resources/data/afterfall/worldgen/biome/wasteland.json   OK
    testing: Afterfall/src/main/resources/data/afterfall/worldgen/world_preset/   OK
    testing: Afterfall/src/main/resources/data/afterfall/worldgen/world_preset/wasteland.json   OK
    testing: Afterfall/src/main/resources/data/afterfall/loot_table/   OK
    testing: Afterfall/src/main/resources/data/afterfall/loot_table/blocks/   OK
    testing: Afterfall/src/main/resources/data/afterfall/loot_table/blocks/lead_composite_block.json   OK
    testing: Afterfall/src/main/resources/data/afterfall/loot_table/blocks/ash_block.json   OK
    testing: Afterfall/src/main/resources/data/afterfall/loot_table/blocks/radioactive_waste_block.json   OK
    testing: Afterfall/src/main/resources/assets/   OK
    testing: Afterfall/src/main/resources/assets/afterfall/   OK
    testing: Afterfall/src/main/resources/assets/afterfall/models/   OK
    testing: Afterfall/src/main/resources/assets/afterfall/models/item/   OK
    testing: Afterfall/src/main/resources/assets/afterfall/models/item/lead_composite_block.json   OK
    testing: Afterfall/src/main/resources/assets/afterfall/models/item/ash_block.json   OK
    testing: Afterfall/src/main/resources/assets/afterfall/models/item/decon_kit.json   OK
    testing: Afterfall/src/main/resources/assets/afterfall/models/item/geiger_counter.json   OK
    testing: Afterfall/src/main/resources/assets/afterfall/models/item/radaway.json   OK
    testing: Afterfall/src/main/resources/assets/afterfall/models/item/radioactive_waste_block.json   OK
    testing: Afterfall/src/main/resources/assets/afterfall/models/block/   OK
    testing: Afterfall/src/main/resources/assets/afterfall/models/block/lead_composite_block.json   OK
    testing: Afterfall/src/main/resources/assets/afterfall/models/block/ash_block.json   OK
    testing: Afterfall/src/main/resources/assets/afterfall/models/block/radioactive_waste_block.json   OK
    testing: Afterfall/src/main/resources/assets/afterfall/lang/   OK
    testing: Afterfall/src/main/resources/assets/afterfall/lang/de_de.json   OK
    testing: Afterfall/src/main/resources/assets/afterfall/lang/en_us.json   OK
    testing: Afterfall/src/main/resources/assets/afterfall/blockstates/   OK
    testing: Afterfall/src/main/resources/assets/afterfall/blockstates/lead_composite_block.json   OK
    testing: Afterfall/src/main/resources/assets/afterfall/blockstates/ash_block.json   OK
    testing: Afterfall/src/main/resources/assets/afterfall/blockstates/radioactive_waste_block.json   OK
    testing: Afterfall/src/main/resources/META-INF/   OK
    testing: Afterfall/.gitignore     OK
    testing: Afterfall/README.md      OK
    testing: Afterfall/settings.gradle   OK
No errors detected in compressed data of afterfall-source.zip.
patching file Afterfall/gradle.properties
patching file Afterfall/src/main/java/dev/afterfall/event/CommonEvents.java
patching file Afterfall/src/main/java/dev/afterfall/item/GeigerCounterItem.java
patching file Afterfall/src/main/java/dev/afterfall/radiation/RadiationManager.java
patching file Afterfall/src/main/java/dev/afterfall/radiation/RadiationReading.java
patching file Afterfall/src/main/java/dev/afterfall/room/RoomAtmosphere.java
patching file Afterfall/src/main/java/dev/afterfall/room/RoomAtmosphereSavedData.java
patching file Afterfall/src/main/java/dev/afterfall/room/RoomEnvironment.java
patching file Afterfall/src/main/java/dev/afterfall/room/RoomEnvironmentManager.java
patching file Afterfall/src/main/java/dev/afterfall/room/RoomScanResult.java
patching file Afterfall/src/main/java/dev/afterfall/room/RoomScanner.java
patching file Afterfall/README.md
patching file Afterfall/gradle.properties
patching file Afterfall/src/main/java/dev/afterfall/Afterfall.java
patching file Afterfall/src/main/java/dev/afterfall/block/AirFilterBlock.java
patching file Afterfall/src/main/java/dev/afterfall/block/AirIntakeBlock.java
patching file Afterfall/src/main/java/dev/afterfall/block/AirlockControllerBlock.java
patching file Afterfall/src/main/java/dev/afterfall/blockentity/AirFilterBlockEntity.java
patching file Afterfall/src/main/java/dev/afterfall/blockentity/AirIntakeBlockEntity.java
patching file Afterfall/src/main/java/dev/afterfall/blockentity/AirlockControllerBlockEntity.java
patching file Afterfall/src/main/java/dev/afterfall/blockentity/AirlockLogic.java
patching file Afterfall/src/main/java/dev/afterfall/content/ModBlockEntities.java
patching file Afterfall/src/main/java/dev/afterfall/content/ModBlocks.java
patching file Afterfall/src/main/java/dev/afterfall/content/ModCreativeTabs.java
patching file Afterfall/src/main/java/dev/afterfall/content/ModItems.java
patching file Afterfall/src/main/java/dev/afterfall/event/CommonEvents.java
patching file Afterfall/src/main/java/dev/afterfall/item/GeigerCounterItem.java
patching file Afterfall/src/main/java/dev/afterfall/radiation/RadiationManager.java
patching file Afterfall/src/main/java/dev/afterfall/room/RoomAtmosphere.java
patching file Afterfall/src/main/java/dev/afterfall/room/RoomAtmosphereSavedData.java
patching file Afterfall/src/main/java/dev/afterfall/room/RoomEnvironment.java
patching file Afterfall/src/main/java/dev/afterfall/room/RoomEnvironmentManager.java
patching file Afterfall/src/main/java/dev/afterfall/room/RoomMachineUtil.java
patching file Afterfall/src/main/resources/assets/afterfall/blockstates/air_filter_unit.json
patching file Afterfall/src/main/resources/assets/afterfall/blockstates/air_intake_unit.json
patching file Afterfall/src/main/resources/assets/afterfall/blockstates/airlock_controller.json
patching file Afterfall/src/main/resources/assets/afterfall/lang/de_de.json
patching file Afterfall/src/main/resources/assets/afterfall/lang/en_us.json
patching file Afterfall/src/main/resources/assets/afterfall/models/block/air_filter_unit.json
patching file Afterfall/src/main/resources/assets/afterfall/models/block/air_intake_unit.json
patching file Afterfall/src/main/resources/assets/afterfall/models/block/airlock_controller.json
patching file Afterfall/src/main/resources/assets/afterfall/models/item/air_filter_unit.json
patching file Afterfall/src/main/resources/assets/afterfall/models/item/air_intake_unit.json
patching file Afterfall/src/main/resources/assets/afterfall/models/item/airlock_controller.json
patching file Afterfall/src/main/resources/data/afterfall/loot_table/blocks/air_filter_unit.json
patching file Afterfall/src/main/resources/data/afterfall/loot_table/blocks/air_intake_unit.json
patching file Afterfall/src/main/resources/data/afterfall/loot_table/blocks/airlock_controller.json
patching file Afterfall/gradle.properties
patching file Afterfall/src/main/java/dev/afterfall/blockentity/AirlockControllerBlockEntity.java
patching file Afterfall/src/main/java/dev/afterfall/blockentity/AirlockLogic.java
patching file Afterfall/src/main/java/dev/afterfall/event/CommonEvents.java
patching file Afterfall/src/main/java/dev/afterfall/room/RoomAtmosphere.java
patching file Afterfall/src/main/java/dev/afterfall/room/RoomAtmosphereSavedData.java
patching file Afterfall/src/main/java/dev/afterfall/room/RoomEnvironmentManager.java
patching file Afterfall/src/main/java/dev/afterfall/room/RoomMachineUtil.java
patching file Afterfall/gradle.properties
patching file Afterfall/src/main/java/dev/afterfall/Afterfall.java
patching file Afterfall/src/main/java/dev/afterfall/blockentity/AirFilterBlockEntity.java
patching file Afterfall/src/main/java/dev/afterfall/blockentity/AirIntakeBlockEntity.java
patching file Afterfall/src/main/java/dev/afterfall/blockentity/AirlockControllerBlockEntity.java
patching file Afterfall/src/main/java/dev/afterfall/blockentity/AirlockLogic.java
patching file Afterfall/src/main/java/dev/afterfall/content/ModBlocks.java
patching file Afterfall/src/main/java/dev/afterfall/content/ModCreativeTabs.java
patching file Afterfall/src/main/java/dev/afterfall/content/ModItems.java
patching file Afterfall/src/main/java/dev/afterfall/event/CommonEvents.java
patching file Afterfall/src/main/java/dev/afterfall/room/RoomMachineUtil.java
patching file Afterfall/src/main/resources/assets/afterfall/blockstates/airlock_call_panel.json
patching file Afterfall/src/main/resources/assets/afterfall/lang/de_de.json
patching file Afterfall/src/main/resources/assets/afterfall/lang/en_us.json
patching file Afterfall/src/main/resources/assets/afterfall/models/block/airlock_call_panel.json
patching file Afterfall/src/main/resources/assets/afterfall/models/item/airlock_call_panel.json
patching file Afterfall/src/main/resources/data/afterfall/loot_table/blocks/airlock_call_panel.json
patching file Afterfall/gradle.properties
patching file Afterfall/src/main/java/dev/afterfall/Afterfall.java
patching file Afterfall/src/main/java/dev/afterfall/block/EmergencyGeneratorBlock.java
patching file Afterfall/src/main/java/dev/afterfall/blockentity/AirFilterBlockEntity.java
patching file Afterfall/src/main/java/dev/afterfall/blockentity/AirIntakeBlockEntity.java
patching file Afterfall/src/main/java/dev/afterfall/blockentity/AirlockControllerBlockEntity.java
patching file Afterfall/src/main/java/dev/afterfall/blockentity/AirlockLogic.java
patching file Afterfall/src/main/java/dev/afterfall/blockentity/EmergencyGeneratorBlockEntity.java
patching file Afterfall/src/main/java/dev/afterfall/content/ModBlockEntities.java
patching file Afterfall/src/main/java/dev/afterfall/content/ModBlocks.java
patching file Afterfall/src/main/java/dev/afterfall/content/ModCapabilities.java
patching file Afterfall/src/main/java/dev/afterfall/content/ModCreativeTabs.java
patching file Afterfall/src/main/java/dev/afterfall/content/ModItems.java
patching file Afterfall/src/main/java/dev/afterfall/event/CommonEvents.java
patching file Afterfall/src/main/java/dev/afterfall/machine/FilterBank.java
patching file Afterfall/src/main/java/dev/afterfall/machine/MachineEnergyStorage.java
patching file Afterfall/src/main/java/dev/afterfall/machine/MachinePower.java
patching file Afterfall/src/main/java/dev/afterfall/room/RoomScanner.java
patching file Afterfall/src/main/resources/assets/afterfall/blockstates/emergency_generator.json
patching file Afterfall/src/main/resources/assets/afterfall/lang/de_de.json
patching file Afterfall/src/main/resources/assets/afterfall/lang/en_us.json
patching file Afterfall/src/main/resources/assets/afterfall/models/block/emergency_generator.json
patching file Afterfall/src/main/resources/assets/afterfall/models/item/emergency_generator.json
patching file Afterfall/src/main/resources/assets/afterfall/models/item/hepa_filter_cartridge.json
patching file Afterfall/src/main/resources/assets/afterfall/models/item/prefilter_cartridge.json
patching file Afterfall/src/main/resources/assets/afterfall/models/item/rad_filter_cartridge.json
patching file Afterfall/src/main/resources/data/afterfall/loot_table/blocks/emergency_generator.json
patching file Afterfall/gradle.properties
patching file Afterfall/src/main/java/dev/afterfall/blockentity/AirlockControllerBlockEntity.java
patching file Afterfall/src/main/java/dev/afterfall/event/CommonEvents.java
patching file Afterfall/src/main/java/dev/afterfall/machine/FilterBank.java
patching file Afterfall/src/main/java/dev/afterfall/room/RoomAtmosphere.java
patching file Afterfall/gradle.properties
patching file Afterfall/src/main/java/dev/afterfall/Afterfall.java
patching file Afterfall/src/main/java/dev/afterfall/block/AfterfallDoorBlock.java
patching file Afterfall/src/main/java/dev/afterfall/blockentity/AirlockLogic.java
Hunk #2 succeeded at 296 (offset -10 lines).
patching file Afterfall/src/main/java/dev/afterfall/blockentity/EmergencyGeneratorBlockEntity.java
patching file Afterfall/src/main/java/dev/afterfall/client/ClientModEvents.java
patching file Afterfall/src/main/java/dev/afterfall/client/MachineScreen.java
patching file Afterfall/src/main/java/dev/afterfall/content/ModBlocks.java
patching file Afterfall/src/main/java/dev/afterfall/content/ModCreativeTabs.java
patching file Afterfall/src/main/java/dev/afterfall/content/ModItems.java
patching file Afterfall/src/main/java/dev/afterfall/content/ModMenus.java
patching file Afterfall/src/main/java/dev/afterfall/event/CommonEvents.java
Hunk #5 FAILED at 119.
1 out of 7 hunks FAILED -- saving rejects to file Afterfall/src/main/java/dev/afterfall/event/CommonEvents.java.rej
patching file Afterfall/src/main/java/dev/afterfall/menu/MachineMenu.java
patching file Afterfall/src/main/java/dev/afterfall/room/RoomScanner.java
patching file Afterfall/src/main/resources/assets/afterfall/blockstates/heavy_blast_door.json
patching file Afterfall/src/main/resources/assets/afterfall/blockstates/sealed_airlock_door.json
patching file Afterfall/src/main/resources/assets/afterfall/lang/de_de.json
patching file Afterfall/src/main/resources/assets/afterfall/lang/en_us.json
patching file Afterfall/src/main/resources/assets/afterfall/models/item/heavy_blast_door.json
patching file Afterfall/src/main/resources/assets/afterfall/models/item/sealed_airlock_door.json
patching file Afterfall/src/main/resources/data/afterfall/loot_table/blocks/heavy_blast_door.json
patching file Afterfall/src/main/resources/data/afterfall/loot_table/blocks/sealed_airlock_door.json
mod_version=0.6.0

Welcome to Gradle 9.2.1!

Here are the highlights of this release:
 - Windows ARM support
 - Improved publishing APIs
 - Better guidance for dependency verification failures

For more details see https://docs.gradle.org/9.2.1/release-notes.html

Starting a Gradle Daemon (subsequent builds will be faster)
Calculating task graph as no cached configuration is available for tasks: build

> Configure project :
Creating Minecraft artifacts without recompilation.

> Task :jarJar NO-SOURCE
> Task :processTestResources NO-SOURCE
> Task :generateModMetadata
> Task :processResources

> Task :createMinecraftArtifacts
Loaded 131 artifacts from /home/runner/work/CreateEvolution_addon-1.20.1/CreateEvolution_addon-1.20.1/Afterfall/build/tmp/createMinecraftArtifacts/nfrt_artifact_manifest.properties
[1m*** Started working on [4mdownloadJson[0m[0m
  ↓ https://launchermeta.mojang.com/mc/game/version_manifest_v2.json
  ↓ https://piston-meta.mojang.com/v1/packages/9d4b0811c18ea0e0968693b971233c49d89b9ced/1.21.1.json
 [1m[92m✓[0m Completed [4mdownloadJson[0m in 0.65s
[1m*** Started working on [4mdownloadClientMappings[0m[0m
[1m*** Started working on [4mdownloadClient[0m[0m
[1m*** Started working on [4mdownloadServer[0m[0m
  ↓ https://piston-data.mojang.com/v1/objects/59353fb40c36d304f2035d51e7d6e6baa98dc05c/server.jar
  ↓ https://piston-data.mojang.com/v1/objects/30c73b1c5da787909b2f73340419fdf13b9def88/client.jar
  ↓ https://piston-data.mojang.com/v1/objects/2244b6f072256667bcd9a73df124d6c58de77992/client.txt
 [1m[92m✓[0m Completed [4mdownloadClientMappings[0m in 0.35s
[1m*** Started working on [4mmergeMappings[0m[0m
 ↳ Running external tool net.neoforged.installertools:installertools:2.1.2:fatjar
 [1m[92m✓[0m Completed [4mdownloadClient[0m in 0.62s
[1m*** Started working on [4mstripClient[0m[0m
 [1m[92m✓[0m Completed [4mdownloadServer[0m in 0.88s
[1m*** Started working on [4mextractServer[0m[0m
 ↳ Running external tool net.neoforged.installertools:installertools:2.1.2:fatjar
 [1m[92m✓[0m Completed [4mextractServer[0m in 0.63s
[1m*** Started working on [4mstripServer[0m[0m
 [1m[92m✓[0m Completed [4mstripClient[0m in 2.83s
 [1m[92m✓[0m Completed [4mstripServer[0m in 1.89s
[1m*** Started working on [4mmerge[0m[0m
 ↳ Running external tool net.neoforged:mergetool:2.0.3:fatjar
 [1m[92m✓[0m Completed [4mmergeMappings[0m in 3.27s
 [1m[92m✓[0m Completed [4mmerge[0m in 2.85s
[1m*** Started working on [4mrename[0m[0m
 ↳ Running external tool net.neoforged:AutoRenamingTool:2.0.3:all
 [1m[92m✓[0m Completed [4mrename[0m in 5.01s
[1m*** Started working on [4mbinaryPatch[0m[0m
  [33mWARNING: [0mnet.neoforged.installertools:binarypatcher:2.1.2:fatjar is not present in the artifact manifest
  ↓ https://maven.neoforged.net/releases/net/neoforged/installertools/binarypatcher/2.1.2/binarypatcher-2.1.2-fatjar.jar
 ↳ Running external tool net.neoforged.installertools:binarypatcher:2.1.2:fatjar
 [1m[92m✓[0m Completed [4mbinaryPatch[0m in 4.16s
[1m*** Started working on [4mcopyUnpatchedClasses[0m[0m
 [1m[92m✓[0m Completed [4mcopyUnpatchedClasses[0m in 1.31s
[1m*** Started working on [4mapplyDevTransforms[0m[0m
 ↳ Running external tool net.neoforged.installertools:installertools:4.0.12:fatjar
 [1m[92m✓[0m Completed [4mapplyDevTransforms[0m in 1.64s
[1m*** Started working on [4mbinaryWithNeoForge[0m[0m
 [1m[92m✓[0m Completed [4mbinaryWithNeoForge[0m in 3.79s
Total runtime: 23.69s


> Task :compileJava
/home/runner/work/CreateEvolution_addon-1.20.1/CreateEvolution_addon-1.20.1/Afterfall/src/main/java/dev/afterfall/client/ClientModEvents.java:10: warning: [removal] bus() in EventBusSubscriber has been deprecated and marked for removal
@EventBusSubscriber(modid = Afterfall.MOD_ID, bus = EventBusSubscriber.Bus.MOD, value = Dist.CLIENT)
                                              ^
/home/runner/work/CreateEvolution_addon-1.20.1/CreateEvolution_addon-1.20.1/Afterfall/src/main/java/dev/afterfall/client/ClientModEvents.java:10: warning: [removal] Bus in EventBusSubscriber has been deprecated and marked for removal
@EventBusSubscriber(modid = Afterfall.MOD_ID, bus = EventBusSubscriber.Bus.MOD, value = Dist.CLIENT)
                                                                      ^
/home/runner/work/CreateEvolution_addon-1.20.1/CreateEvolution_addon-1.20.1/Afterfall/src/main/java/dev/afterfall/menu/MachineMenu.java:147: error: the switch expression does not cover all possible input values
        return switch (status.type()) {
               ^
Note: /home/runner/work/CreateEvolution_addon-1.20.1/CreateEvolution_addon-1.20.1/Afterfall/src/main/java/dev/afterfall/room/RoomScanner.java uses or overrides a deprecated API.
Note: Recompile with -Xlint:deprecation for details.
1 error
2 warnings

> Task :compileJava FAILED
gradle/actions: Writing build results to /home/runner/work/_temp/.gradle-actions/build-results/build-1787594636906.json

[Incubating] Problems report is available at: file:///home/runner/work/CreateEvolution_addon-1.20.1/CreateEvolution_addon-1.20.1/Afterfall/build/reports/problems/problems-report.html

FAILURE: Build failed with an exception.

* What went wrong:
Execution failed for task ':compileJava'.
> Compilation failed; see the compiler output below.
  Note: /home/runner/work/CreateEvolution_addon-1.20.1/CreateEvolution_addon-1.20.1/Afterfall/src/main/java/dev/afterfall/room/RoomScanner.java uses or overrides a deprecated API.
  /home/runner/work/CreateEvolution_addon-1.20.1/CreateEvolution_addon-1.20.1/Afterfall/src/main/java/dev/afterfall/menu/MachineMenu.java:147: error: the switch expression does not cover all possible input values
          return switch (status.type()) {
                 ^
  Note: Recompile with -Xlint:deprecation for details.
  /home/runner/work/CreateEvolution_addon-1.20.1/CreateEvolution_addon-1.20.1/Afterfall/src/main/java/dev/afterfall/client/ClientModEvents.java:10: warning: [removal] bus() in EventBusSubscriber has been deprecated and marked for removal
  @EventBusSubscriber(modid = Afterfall.MOD_ID, bus = EventBusSubscriber.Bus.MOD, value = Dist.CLIENT)
                                                ^
  /home/runner/work/CreateEvolution_addon-1.20.1/CreateEvolution_addon-1.20.1/Afterfall/src/main/java/dev/afterfall/client/ClientModEvents.java:10: warning: [removal] Bus in EventBusSubscriber has been deprecated and marked for removal
  @EventBusSubscriber(modid = Afterfall.MOD_ID, bus = EventBusSubscriber.Bus.MOD, value = Dist.CLIENT)
                                                                        ^
  1 error
  2 warnings

* Try:
> Check your code and dependencies to fix the compilation error(s)
> Run with --scan to generate a Build Scan (powered by Develocity).

* Exception is:
org.gradle.api.tasks.TaskExecutionException: Execution failed for task ':compileJava'.
	at org.gradle.api.internal.tasks.execution.ExecuteActionsTaskExecuter.lambda$executeIfValid$1(ExecuteActionsTaskExecuter.java:135)
	at org.gradle.internal.Try$Failure.ifSuccessfulOrElse(Try.java:288)
	at org.gradle.api.internal.tasks.execution.ExecuteActionsTaskExecuter.executeIfValid(ExecuteActionsTaskExecuter.java:133)
	at org.gradle.api.internal.tasks.execution.ExecuteActionsTaskExecuter.execute(ExecuteActionsTaskExecuter.java:121)
	at org.gradle.api.internal.tasks.execution.ProblemsTaskPathTrackingTaskExecuter.execute(ProblemsTaskPathTrackingTaskExecuter.java:41)
	at org.gradle.api.internal.tasks.execution.FinalizePropertiesTaskExecuter.execute(FinalizePropertiesTaskExecuter.java:46)
	at org.gradle.api.internal.tasks.execution.ResolveTaskExecutionModeExecuter.execute(ResolveTaskExecutionModeExecuter.java:51)
	at org.gradle.api.internal.tasks.execution.SkipTaskWithNoActionsExecuter.execute(SkipTaskWithNoActionsExecuter.java:57)
	at org.gradle.api.internal.tasks.execution.SkipOnlyIfTaskExecuter.execute(SkipOnlyIfTaskExecuter.java:74)
	at org.gradle.api.internal.tasks.execution.CatchExceptionTaskExecuter.execute(CatchExceptionTaskExecuter.java:36)
	at org.gradle.api.internal.tasks.execution.EventFiringTaskExecuter$1.executeTask(EventFiringTaskExecuter.java:77)
	at org.gradle.api.internal.tasks.execution.EventFiringTaskExecuter$1.call(EventFiringTaskExecuter.java:55)
	at org.gradle.api.internal.tasks.execution.EventFiringTaskExecuter$1.call(EventFiringTaskExecuter.java:52)
	at org.gradle.internal.operations.DefaultBuildOperationRunner$CallableBuildOperationWorker.execute(DefaultBuildOperationRunner.java:209)
	at org.gradle.internal.operations.DefaultBuildOperationRunner$CallableBuildOperationWorker.execute(DefaultBuildOperationRunner.java:204)
	at org.gradle.internal.operations.DefaultBuildOperationRunner$2.execute(DefaultBuildOperationRunner.java:66)
	at org.gradle.internal.operations.DefaultBuildOperationRunner$2.execute(DefaultBuildOperationRunner.java:59)
	at org.gradle.internal.operations.DefaultBuildOperationRunner.execute(DefaultBuildOperationRunner.java:166)
	at org.gradle.internal.operations.DefaultBuildOperationRunner.execute(DefaultBuildOperationRunner.java:59)
	at org.gradle.internal.operations.DefaultBuildOperationRunner.call(DefaultBuildOperationRunner.java:53)
	at org.gradle.api.internal.tasks.execution.EventFiringTaskExecuter.execute(EventFiringTaskExecuter.java:52)
	at org.gradle.execution.plan.DefaultNodeExecutor.executeLocalTaskNode(DefaultNodeExecutor.java:55)
	at org.gradle.execution.plan.DefaultNodeExecutor.execute(DefaultNodeExecutor.java:34)
	at org.gradle.execution.taskgraph.DefaultTaskExecutionGraph$InvokeNodeExecutorsAction.execute(DefaultTaskExecutionGraph.java:355)
	at org.gradle.execution.taskgraph.DefaultTaskExecutionGraph$InvokeNodeExecutorsAction.execute(DefaultTaskExecutionGraph.java:343)
	at org.gradle.execution.taskgraph.DefaultTaskExecutionGraph$BuildOperationAwareExecutionAction.lambda$execute$0(DefaultTaskExecutionGraph.java:339)
	at org.gradle.internal.operations.CurrentBuildOperationRef.with(CurrentBuildOperationRef.java:84)
	at org.gradle.execution.taskgraph.DefaultTaskExecutionGraph$BuildOperationAwareExecutionAction.execute(DefaultTaskExecutionGraph.java:339)
	at org.gradle.execution.taskgraph.DefaultTaskExecutionGraph$BuildOperationAwareExecutionAction.execute(DefaultTaskExecutionGraph.java:328)
	at org.gradle.execution.plan.DefaultPlanExecutor$ExecutorWorker.execute(DefaultPlanExecutor.java:459)
	at org.gradle.execution.plan.DefaultPlanExecutor$ExecutorWorker.run(DefaultPlanExecutor.java:376)
	at org.gradle.internal.concurrent.ExecutorPolicy$CatchAndRecordFailures.onExecute(ExecutorPolicy.java:64)
	at org.gradle.internal.concurrent.AbstractManagedExecutor$1.run(AbstractManagedExecutor.java:47)
Caused by: org.gradle.api.internal.tasks.compile.CompilationFailedException: Compilation failed; see the compiler output below.
Note: /home/runner/work/CreateEvolution_addon-1.20.1/CreateEvolution_addon-1.20.1/Afterfall/src/main/java/dev/afterfall/room/RoomScanner.java uses or overrides a deprecated API.
/home/runner/work/CreateEvolution_addon-1.20.1/CreateEvolution_addon-1.20.1/Afterfall/src/main/java/dev/afterfall/menu/MachineMenu.java:147: error: the switch expression does not cover all possible input values
        return switch (status.type()) {
               ^
Note: Recompile with -Xlint:deprecation for details.
/home/runner/work/CreateEvolution_addon-1.20.1/CreateEvolution_addon-1.20.1/Afterfall/src/main/java/dev/afterfall/client/ClientModEvents.java:10: warning: [removal] bus() in EventBusSubscriber has been deprecated and marked for removal
@EventBusSubscriber(modid = Afterfall.MOD_ID, bus = EventBusSubscriber.Bus.MOD, value = Dist.CLIENT)
                                              ^
/home/runner/work/CreateEvolution_addon-1.20.1/CreateEvolution_addon-1.20.1/Afterfall/src/main/java/dev/afterfall/client/ClientModEvents.java:10: warning: [removal] Bus in EventBusSubscriber has been deprecated and marked for removal
@EventBusSubscriber(modid = Afterfall.MOD_ID, bus = EventBusSubscriber.Bus.MOD, value = Dist.CLIENT)
                                                                      ^
1 error
2 warnings
	at org.gradle.api.internal.tasks.compile.JdkJavaCompiler.execute(JdkJavaCompiler.java:89)
	at org.gradle.api.internal.tasks.compile.JdkJavaCompiler.execute(JdkJavaCompiler.java:50)
	at org.gradle.api.internal.tasks.compile.NormalizingJavaCompiler.delegateAndHandleErrors(NormalizingJavaCompiler.java:98)
	at org.gradle.api.internal.tasks.compile.NormalizingJavaCompiler.execute(NormalizingJavaCompiler.java:52)
	at org.gradle.api.internal.tasks.compile.NormalizingJavaCompiler.execute(NormalizingJavaCompiler.java:38)
	at org.gradle.api.internal.tasks.compile.AnnotationProcessorDiscoveringCompiler.execute(AnnotationProcessorDiscoveringCompiler.java:52)
	at org.gradle.api.internal.tasks.compile.AnnotationProcessorDiscoveringCompiler.execute(AnnotationProcessorDiscoveringCompiler.java:38)
	at org.gradle.api.internal.tasks.compile.ModuleApplicationNameWritingCompiler.execute(ModuleApplicationNameWritingCompiler.java:46)
	at org.gradle.api.internal.tasks.compile.ModuleApplicationNameWritingCompiler.execute(ModuleApplicationNameWritingCompiler.java:36)
	at org.gradle.jvm.toolchain.internal.DefaultToolchainJavaCompiler.execute(DefaultToolchainJavaCompiler.java:57)
	at org.gradle.api.tasks.compile.JavaCompile.lambda$createToolchainCompiler$3(JavaCompile.java:206)
	at org.gradle.api.internal.tasks.compile.CleaningJavaCompiler.execute(CleaningJavaCompiler.java:53)
	at org.gradle.api.internal.tasks.compile.incremental.IncrementalCompilerFactory.lambda$createRebuildAllCompiler$0(IncrementalCompilerFactory.java:55)
	at org.gradle.api.internal.tasks.compile.incremental.SelectiveCompiler.execute(SelectiveCompiler.java:70)
	at org.gradle.api.internal.tasks.compile.incremental.SelectiveCompiler.execute(SelectiveCompiler.java:44)
	at org.gradle.api.internal.tasks.compile.incremental.IncrementalResultStoringCompiler.execute(IncrementalResultStoringCompiler.java:66)
	at org.gradle.api.internal.tasks.compile.incremental.IncrementalResultStoringCompiler.execute(IncrementalResultStoringCompiler.java:52)
	at org.gradle.api.internal.tasks.compile.CompileJavaBuildOperationReportingCompiler$1.call(CompileJavaBuildOperationReportingCompiler.java:64)
	at org.gradle.api.internal.tasks.compile.CompileJavaBuildOperationReportingCompiler$1.call(CompileJavaBuildOperationReportingCompiler.java:48)
	at org.gradle.internal.operations.DefaultBuildOperationRunner$CallableBuildOperationWorker.execute(DefaultBuildOperationRunner.java:209)
	at org.gradle.internal.operations.DefaultBuildOperationRunner$CallableBuildOperationWorker.execute(DefaultBuildOperationRunner.java:204)
	at org.gradle.internal.operations.DefaultBuildOperationRunner$2.execute(DefaultBuildOperationRunner.java:66)
	at org.gradle.internal.operations.DefaultBuildOperationRunner$2.execute(DefaultBuildOperationRunner.java:59)
	at org.gradle.internal.operations.DefaultBuildOperationRunner.execute(DefaultBuildOperationRunner.java:166)
	at org.gradle.internal.operations.DefaultBuildOperationRunner.execute(DefaultBuildOperationRunner.java:59)
	at org.gradle.internal.operations.DefaultBuildOperationRunner.call(DefaultBuildOperationRunner.java:53)
	at org.gradle.api.internal.tasks.compile.CompileJavaBuildOperationReportingCompiler.execute(CompileJavaBuildOperationReportingCompiler.java:48)
	at org.gradle.api.tasks.compile.JavaCompile.performCompilation(JavaCompile.java:224)
	at org.gradle.api.tasks.compile.JavaCompile.performIncrementalCompilation(JavaCompile.java:165)
	at org.gradle.api.tasks.compile.JavaCompile.compile(JavaCompile.java:150)
	at org.gradle.internal.reflect.JavaMethod.invoke(JavaMethod.java:125)
	at org.gradle.api.internal.project.taskfactory.IncrementalTaskAction.doExecute(IncrementalTaskAction.java:45)
	at org.gradle.api.internal.project.taskfactory.StandardTaskAction.execute(StandardTaskAction.java:51)
	at org.gradle.api.internal.project.taskfactory.IncrementalTaskAction.execute(IncrementalTaskAction.java:26)
	at org.gradle.api.internal.project.taskfactory.StandardTaskAction.execute(StandardTaskAction.java:29)
	at org.gradle.api.internal.tasks.execution.TaskExecution$3.run(TaskExecution.java:252)
	at org.gradle.internal.operations.DefaultBuildOperationRunner$1.execute(DefaultBuildOperationRunner.java:29)
	at org.gradle.internal.operations.DefaultBuildOperationRunner$1.execute(DefaultBuildOperationRunner.java:26)
	at org.gradle.internal.operations.DefaultBuildOperationRunner$2.execute(DefaultBuildOperationRunner.java:66)
	at org.gradle.internal.operations.DefaultBuildOperationRunner$2.execute(DefaultBuildOperationRunner.java:59)
	at org.gradle.internal.operations.DefaultBuildOperationRunner.execute(DefaultBuildOperationRunner.java:166)
	at org.gradle.internal.operations.DefaultBuildOperationRunner.execute(DefaultBuildOperationRunner.java:59)
	at org.gradle.internal.operations.DefaultBuildOperationRunner.run(DefaultBuildOperationRunner.java:47)
	at org.gradle.api.internal.tasks.execution.TaskExecution.executeAction(TaskExecution.java:237)
	at org.gradle.api.internal.tasks.execution.TaskExecution.executeActions(TaskExecution.java:220)
	at org.gradle.api.internal.tasks.execution.TaskExecution.executeWithPreviousOutputFiles(TaskExecution.java:203)
	at org.gradle.api.internal.tasks.execution.TaskExecution.execute(TaskExecution.java:170)
	at org.gradle.internal.execution.steps.ExecuteStep.executeInternal(ExecuteStep.java:105)
	at org.gradle.internal.execution.steps.ExecuteStep.access$000(ExecuteStep.java:44)
	at org.gradle.internal.execution.steps.ExecuteStep$1.call(ExecuteStep.java:59)
	at org.gradle.internal.execution.steps.ExecuteStep$1.call(ExecuteStep.java:56)
	at org.gradle.internal.operations.DefaultBuildOperationRunner$CallableBuildOperationWorker.execute(DefaultBuildOperationRunner.java:209)
	at org.gradle.internal.operations.DefaultBuildOperationRunner$CallableBuildOperationWorker.execute(DefaultBuildOperationRunner.java:204)
	at org.gradle.internal.operations.DefaultBuildOperationRunner$2.execute(DefaultBuildOperationRunner.java:66)
	at org.gradle.internal.operations.DefaultBuildOperationRunner$2.execute(DefaultBuildOperationRunner.java:59)
	at org.gradle.internal.operations.DefaultBuildOperationRunner.execute(DefaultBuildOperationRunner.java:166)
	at org.gradle.internal.operations.DefaultBuildOperationRunner.execute(DefaultBuildOperationRunner.java:59)
	at org.gradle.internal.operations.DefaultBuildOperationRunner.call(DefaultBuildOperationRunner.java:53)
	at org.gradle.internal.execution.steps.ExecuteStep.execute(ExecuteStep.java:56)
	at org.gradle.internal.execution.steps.ExecuteStep.execute(ExecuteStep.java:44)
	at org.gradle.internal.execution.steps.CancelExecutionStep.execute(CancelExecutionStep.java:42)
	at org.gradle.internal.execution.steps.TimeoutStep.executeWithoutTimeout(TimeoutStep.java:75)
	at org.gradle.internal.execution.steps.TimeoutStep.execute(TimeoutStep.java:55)
	at org.gradle.internal.execution.steps.PreCreateOutputParentsStep.execute(PreCreateOutputParentsStep.java:50)
	at org.gradle.internal.execution.steps.PreCreateOutputParentsStep.execute(PreCreateOutputParentsStep.java:28)
	at org.gradle.internal.execution.steps.RemovePreviousOutputsStep.execute(RemovePreviousOutputsStep.java:68)
	at org.gradle.internal.execution.steps.RemovePreviousOutputsStep.execute(RemovePreviousOutputsStep.java:38)
	at org.gradle.internal.execution.steps.BroadcastChangingOutputsStep.execute(BroadcastChangingOutputsStep.java:61)
	at org.gradle.internal.execution.steps.BroadcastChangingOutputsStep.execute(BroadcastChangingOutputsStep.java:26)
	at org.gradle.internal.execution.steps.CaptureOutputsAfterExecutionStep.execute(CaptureOutputsAfterExecutionStep.java:69)
	at org.gradle.internal.execution.steps.CaptureOutputsAfterExecutionStep.execute(CaptureOutputsAfterExecutionStep.java:46)
	at org.gradle.internal.execution.steps.ResolveInputChangesStep.execute(ResolveInputChangesStep.java:39)
	at org.gradle.internal.execution.steps.ResolveInputChangesStep.execute(ResolveInputChangesStep.java:28)
	at org.gradle.internal.execution.steps.BuildCacheStep.executeWithoutCache(BuildCacheStep.java:189)
	at org.gradle.internal.execution.steps.BuildCacheStep.executeAndStoreInCache(BuildCacheStep.java:145)
	at org.gradle.internal.execution.steps.BuildCacheStep.lambda$executeWithCache$4(BuildCacheStep.java:101)
	at org.gradle.internal.execution.steps.BuildCacheStep.lambda$executeWithCache$5(BuildCacheStep.java:101)
	at org.gradle.internal.Try$Success.map(Try.java:170)
	at org.gradle.internal.execution.steps.BuildCacheStep.executeWithCache(BuildCacheStep.java:85)
	at org.gradle.internal.execution.steps.BuildCacheStep.lambda$execute$0(BuildCacheStep.java:74)
	at org.gradle.internal.Either$Left.fold(Either.java:116)
	at org.gradle.internal.execution.caching.CachingState.fold(CachingState.java:62)
	at org.gradle.internal.execution.steps.BuildCacheStep.execute(BuildCacheStep.java:73)
	at org.gradle.internal.execution.steps.BuildCacheStep.execute(BuildCacheStep.java:48)
	at org.gradle.internal.execution.steps.StoreExecutionStateStep.execute(StoreExecutionStateStep.java:46)
	at org.gradle.internal.execution.steps.StoreExecutionStateStep.execute(StoreExecutionStateStep.java:35)
	at org.gradle.internal.execution.steps.SkipUpToDateStep.executeBecause(SkipUpToDateStep.java:75)
	at org.gradle.internal.execution.steps.SkipUpToDateStep.lambda$execute$2(SkipUpToDateStep.java:53)
	at org.gradle.internal.execution.steps.SkipUpToDateStep.execute(SkipUpToDateStep.java:53)
	at org.gradle.internal.execution.steps.SkipUpToDateStep.execute(SkipUpToDateStep.java:35)
	at org.gradle.internal.execution.steps.legacy.MarkSnapshottingInputsFinishedStep.execute(MarkSnapshottingInputsFinishedStep.java:37)
	at org.gradle.internal.execution.steps.legacy.MarkSnapshottingInputsFinishedStep.execute(MarkSnapshottingInputsFinishedStep.java:27)
	at org.gradle.internal.execution.steps.ResolveIncrementalCachingStateStep.executeDelegate(ResolveIncrementalCachingStateStep.java:49)
	at org.gradle.internal.execution.steps.ResolveIncrementalCachingStateStep.executeDelegate(ResolveIncrementalCachingStateStep.java:27)
	at org.gradle.internal.execution.steps.AbstractResolveCachingStateStep.execute(AbstractResolveCachingStateStep.java:71)
	at org.gradle.internal.execution.steps.AbstractResolveCachingStateStep.execute(AbstractResolveCachingStateStep.java:39)
	at org.gradle.internal.execution.steps.ResolveChangesStep.execute(ResolveChangesStep.java:64)
	at org.gradle.internal.execution.steps.ResolveChangesStep.execute(ResolveChangesStep.java:35)
	at org.gradle.internal.execution.steps.ValidateStep.execute(ValidateStep.java:62)
	at org.gradle.internal.execution.steps.ValidateStep.execute(ValidateStep.java:40)
	at org.gradle.internal.execution.steps.AbstractCaptureStateBeforeExecutionStep.execute(AbstractCaptureStateBeforeExecutionStep.java:76)
	at org.gradle.internal.execution.steps.AbstractCaptureStateBeforeExecutionStep.execute(AbstractCaptureStateBeforeExecutionStep.java:45)
	at org.gradle.internal.execution.steps.AbstractSkipEmptyWorkStep.executeWithNonEmptySources(AbstractSkipEmptyWorkStep.java:136)
	at org.gradle.internal.execution.steps.AbstractSkipEmptyWorkStep.execute(AbstractSkipEmptyWorkStep.java:66)
	at org.gradle.internal.execution.steps.AbstractSkipEmptyWorkStep.execute(AbstractSkipEmptyWorkStep.java:38)
	at org.gradle.internal.execution.steps.legacy.MarkSnapshottingInputsStartedStep.execute(MarkSnapshottingInputsStartedStep.java:38)
	at org.gradle.internal.execution.steps.LoadPreviousExecutionStateStep.execute(LoadPreviousExecutionStateStep.java:36)
	at org.gradle.internal.execution.steps.LoadPreviousExecutionStateStep.execute(LoadPreviousExecutionStateStep.java:23)
	at org.gradle.internal.execution.steps.HandleStaleOutputsStep.execute(HandleStaleOutputsStep.java:75)
	at org.gradle.internal.execution.steps.HandleStaleOutputsStep.execute(HandleStaleOutputsStep.java:41)
	at org.gradle.internal.execution.steps.AssignMutableWorkspaceStep.lambda$execute$0(AssignMutableWorkspaceStep.java:35)
	at org.gradle.api.internal.tasks.execution.TaskExecution$4.withWorkspace(TaskExecution.java:297)
	at org.gradle.internal.execution.steps.AssignMutableWorkspaceStep.execute(AssignMutableWorkspaceStep.java:31)
	at org.gradle.internal.execution.steps.AssignMutableWorkspaceStep.execute(AssignMutableWorkspaceStep.java:22)
	at org.gradle.internal.execution.steps.ChoosePipelineStep.execute(ChoosePipelineStep.java:40)
	at org.gradle.internal.execution.steps.ChoosePipelineStep.execute(ChoosePipelineStep.java:23)
	at org.gradle.internal.execution.steps.ExecuteWorkBuildOperationFiringStep.lambda$execute$2(ExecuteWorkBuildOperationFiringStep.java:67)
	at org.gradle.internal.execution.steps.ExecuteWorkBuildOperationFiringStep.execute(ExecuteWorkBuildOperationFiringStep.java:67)
	at org.gradle.internal.execution.steps.ExecuteWorkBuildOperationFiringStep.execute(ExecuteWorkBuildOperationFiringStep.java:39)
	at org.gradle.internal.execution.steps.IdentityCacheStep.execute(IdentityCacheStep.java:46)
	at org.gradle.internal.execution.steps.IdentityCacheStep.execute(IdentityCacheStep.java:34)
	at org.gradle.internal.execution.steps.IdentifyStep.execute(IdentifyStep.java:44)
	at org.gradle.internal.execution.steps.IdentifyStep.execute(IdentifyStep.java:31)
	at org.gradle.internal.execution.impl.DefaultExecutionEngine$1.execute(DefaultExecutionEngine.java:64)
	at org.gradle.api.internal.tasks.execution.ExecuteActionsTaskExecuter.executeIfValid(ExecuteActionsTaskExecuter.java:132)
	... 30 more


BUILD FAILED in 51s
4 actionable tasks: 4 executed
Configuration cache entry stored.
